revision-decoder-mock: persisted 72/288 new calls
revision-decoder-mock: persisted 144/288 new calls
revision-decoder-mock: persisted 216/288 new calls
revision-decoder-mock: persisted 288/288 new calls
[
  {
    "existing_trials": 0,
    "experiment_run_identity_sha256": "d75f008a9169550e0f2aa02ac987293be53e2a5844245bcee58459a4375c7e8a",
    "inserted_trials": 288,
    "logical_condition_results": 216,
    "new_call_upper_bound": 288,
    "planned_provider_calls": 288,
    "provider": "revision-decoder-mock",
    "skipped_trials": 0
  }
]
{
  "revision-decoder-mock": {
    "at_least_two_replicates": true,
    "gate": "100% typed-derived state and endpoint, both case classes and every replicate",
    "scope": "this frozen micro-surface only; not a population reliability guarantee",
    "status": "qualified_for_larger_calibration",
    "typed_endpoint": {
      "n": 72,
      "rate": 1.0,
      "successes": 72,
      "wilson_95_high": 1.0,
      "wilson_95_low": 0.9493488274035422
    },
    "typed_full": {
      "n": 72,
      "rate": 1.0,
      "successes": 72,
      "wilson_95_high": 1.0,
      "wilson_95_low": 0.9493488274035422
    },
    "typed_state": {
      "n": 72,
      "rate": 1.0,
      "successes": 72,
      "wilson_95_high": 1.0,
      "wilson_95_low": 0.9493488274035422
    },
    "typed_strata": {
      "case_class:answer_changing": {
        "n": 48,
        "rate": 1.0,
        "successes": 48,
        "wilson_95_high": 0.9999999999999999,
        "wilson_95_low": 0.9258998703338824
      },
      "case_class:answer_preserving": {
        "n": 24,
        "rate": 1.0,
        "successes": 24,
        "wilson_95_high": 1.0,
        "wilson_95_low": 0.8620237953250198
      },
      "replicate_index:0": {
        "n": 36,
        "rate": 1.0,
        "successes": 36,
        "wilson_95_high": 1.0,
        "wilson_95_low": 0.9035813714055363
      },
      "replicate_index:1": {
        "n": 36,
        "rate": 1.0,
        "successes": 36,
        "wilson_95_high": 1.0,
        "wilson_95_low": 0.9035813714055363
      }
    }
  }
}
